/modernize-data/studio-data/TNT1001/APP1460/transformed-code/493/studio-workspace/upgrade-rah/src/ClinicManagement.Domain/Interfaces/Services/IAppointmentService.cs(1,24): error CS0234: The type or namespace name 'Application' does not exist in the namespace 'ClinicManagement' (are you missing an assembly reference?) [/modernize-data/studio-data/TNT1001/APP1460/transformed-code/493/studio-workspace/upgrade-rah/src/ClinicManagement.Domain/ClinicManagement.Domain.csproj]
/modernize-data/studio-data/TNT1001/APP1460/transformed-code/493/studio-workspace/upgrade-rah/src/ClinicManagement.Domain/Interfaces/Services/IBillService.cs(1,24): error CS0234: The type or namespace name 'Application' does not exist in the namespace 'ClinicManagement' (are you missing an assembly reference?) [/modernize-data/studio-data/TNT1001/APP1460/transformed-code/493/studio-workspace/upgrade-rah/src/ClinicManagement.Domain/ClinicManagement.Domain.csproj]
/modernize-data/studio-data/TNT1001/APP1460/transformed-code/493/studio-workspace/upgrade-rah/src/ClinicManagement.Domain/Interfaces/Services/IDepartmentService.cs(1,24): error CS0234: The type or namespace name 'Application' does not exist in the namespace 'ClinicManagement' (are you missing an assembly reference?) [/modernize-data/studio-data/TNT1001/APP1460/transformed-code/493/studio-workspace/upgrade-rah/src/ClinicManagement.Domain/ClinicManagement.Domain.csproj]
/modernize-data/studio-data/TNT1001/APP1460/transformed-code/493/studio-workspace/upgrade-rah/src/ClinicManagement.Domain/Interfaces/Services/IDoctorService.cs(1,24): error CS0234: The type or namespace name 'Application' does not exist in the namespace 'ClinicManagement' (are you missing an assembly reference?) [/modernize-data/studio-data/TNT1001/APP1460/transformed-code/493/studio-workspace/upgrade-rah/src/ClinicManagement.Domain/ClinicManagement.Domain.csproj]
/modernize-data/studio-data/TNT1001/APP1460/transformed-code/493/studio-workspace/upgrade-rah/src/ClinicManagement.Domain/Interfaces/Services/IPatientService.cs(1,24): error CS0234: The type or namespace name 'Application' does not exist in the namespace 'ClinicManagement' (are you missing an assembly reference?) [/modernize-data/studio-data/TNT1001/APP1460/transformed-code/493/studio-workspace/upgrade-rah/src/ClinicManagement.Domain/ClinicManagement.Domain.csproj]
/modernize-data/studio-data/TNT1001/APP1460/transformed-code/493/studio-workspace/upgrade-rah/src/ClinicManagement.Domain/Interfaces/Services/IStaffService.cs(1,24): error CS0234: The type or namespace name 'Application' does not exist in the namespace 'ClinicManagement' (are you missing an assembly reference?) [/modernize-data/studio-data/TNT1001/APP1460/transformed-code/493/studio-workspace/upgrade-rah/src/ClinicManagement.Domain/ClinicManagement.Domain.csproj]
/modernize-data/studio-data/TNT1001/APP1460/transformed-code/493/studio-workspace/upgrade-rah/src/ClinicManagement.Domain/Interfaces/Services/IBillService.cs(7,22): error CS0246: The type or namespace name 'BillDto' could not be found (are you missing a using directive or an assembly reference?) [/modernize-data/studio-data/TNT1001/APP1460/transformed-code/493/studio-workspace/upgrade-rah/src/ClinicManagement.Domain/ClinicManagement.Domain.csproj]
/modernize-data/studio-data/TNT1001/APP1460/transformed-code/493/studio-workspace/upgrade-rah/src/ClinicManagement.Domain/Interfaces/Services/IAppointmentService.cs(7,22): error CS0246: The type or namespace name 'AppointmentDto' could not be found (are you missing a using directive or an assembly reference?) [/modernize-data/studio-data/TNT1001/APP1460/transformed-code/493/studio-workspace/upgrade-rah/src/ClinicManagement.Domain/ClinicManagement.Domain.csproj]
/modernize-data/studio-data/TNT1001/APP1460/transformed-code/493/studio-workspace/upgrade-rah/src/ClinicManagement.Domain/Interfaces/Services/IDoctorService.cs(7,22): error CS0246: The type or namespace name 'DoctorDto' could not be found (are you missing a using directive or an assembly reference?) [/modernize-data/studio-data/TNT1001/APP1460/transformed-code/493/studio-workspace/upgrade-rah/src/ClinicManagement.Domain/ClinicManagement.Domain.csproj]
/modernize-data/studio-data/TNT1001/APP1460/transformed-code/493/studio-workspace/upgrade-rah/src/ClinicManagement.Domain/Interfaces/Services/IDepartmentService.cs(7,22): error CS0246: The type or namespace name 'DepartmentDto' could not be found (are you missing a using directive or an assembly reference?) [/modernize-data/studio-data/TNT1001/APP1460/transformed-code/493/studio-workspace/upgrade-rah/src/ClinicManagement.Domain/ClinicManagement.Domain.csproj]
/modernize-data/studio-data/TNT1001/APP1460/transformed-code/493/studio-workspace/upgrade-rah/src/ClinicManagement.Domain/Interfaces/Services/IBillService.cs(8,10): error CS0246: The type or namespace name 'BillDto' could not be found (are you missing a using directive or an assembly reference?) [/modernize-data/studio-data/TNT1001/APP1460/transformed-code/493/studio-workspace/upgrade-rah/src/ClinicManagement.Domain/ClinicManagement.Domain.csproj]
/modernize-data/studio-data/TNT1001/APP1460/transformed-code/493/studio-workspace/upgrade-rah/src/ClinicManagement.Domain/Interfaces/Services/IDepartmentService.cs(8,10): error CS0246: The type or namespace name 'DepartmentDto' could not be found (are you missing a using directive or an assembly reference?) [/modernize-data/studio-data/TNT1001/APP1460/transformed-code/493/studio-workspace/upgrade-rah/src/ClinicManagement.Domain/ClinicManagement.Domain.csproj]
/modernize-data/studio-data/TNT1001/APP1460/transformed-code/493/studio-workspace/upgrade-rah/src/ClinicManagement.Domain/Interfaces/Services/IDoctorService.cs(8,10): error CS0246: The type or namespace name 'DoctorDto' could not be found (are you missing a using directive or an assembly reference?) [/modernize-data/studio-data/TNT1001/APP1460/transformed-code/493/studio-workspace/upgrade-rah/src/ClinicManagement.Domain/ClinicManagement.Domain.csproj]
/modernize-data/studio-data/TNT1001/APP1460/transformed-code/493/studio-workspace/upgrade-rah/src/ClinicManagement.Domain/Interfaces/Services/IAppointmentService.cs(8,10): error CS0246: The type or namespace name 'AppointmentDto' could not be found (are you missing a using directive or an assembly reference?) [/modernize-data/studio-data/TNT1001/APP1460/transformed-code/493/studio-workspace/upgrade-rah/src/ClinicManagement.Domain/ClinicManagement.Domain.csproj]
/modernize-data/studio-data/TNT1001/APP1460/transformed-code/493/studio-workspace/upgrade-rah/src/ClinicManagement.Domain/Interfaces/Services/IDoctorService.cs(9,33): error CS0246: The type or namespace name 'DoctorCreateDto' could not be found (are you missing a using directive or an assembly reference?) [/modernize-data/studio-data/TNT1001/APP1460/transformed-code/493/studio-workspace/upgrade-rah/src/ClinicManagement.Domain/ClinicManagement.Domain.csproj]
/modernize-data/studio-data/TNT1001/APP1460/transformed-code/493/studio-workspace/upgrade-rah/src/ClinicManagement.Domain/Interfaces/Services/IDoctorService.cs(9,10): error CS0246: The type or namespace name 'DoctorDto' could not be found (are you missing a using directive or an assembly reference?) [/modernize-data/studio-data/TNT1001/APP1460/transformed-code/493/studio-workspace/upgrade-rah/src/ClinicManagement.Domain/ClinicManagement.Domain.csproj]
/modernize-data/studio-data/TNT1001/APP1460/transformed-code/493/studio-workspace/upgrade-rah/src/ClinicManagement.Domain/Interfaces/Services/IDepartmentService.cs(9,37): error CS0246: The type or namespace name 'DepartmentCreateDto' could not be found (are you missing a using directive or an assembly reference?) [/modernize-data/studio-data/TNT1001/APP1460/transformed-code/493/studio-workspace/upgrade-rah/src/ClinicManagement.Domain/ClinicManagement.Domain.csproj]
/modernize-data/studio-data/TNT1001/APP1460/transformed-code/493/studio-workspace/upgrade-rah/src/ClinicManagement.Domain/Interfaces/Services/IDepartmentService.cs(9,10): error CS0246: The type or namespace name 'DepartmentDto' could not be found (are you missing a using directive or an assembly reference?) [/modernize-data/studio-data/TNT1001/APP1460/transformed-code/493/studio-workspace/upgrade-rah/src/ClinicManagement.Domain/ClinicManagement.Domain.csproj]
/modernize-data/studio-data/TNT1001/APP1460/transformed-code/493/studio-workspace/upgrade-rah/src/ClinicManagement.Domain/Interfaces/Services/IBillService.cs(9,31): error CS0246: The type or namespace name 'BillCreateDto' could not be found (are you missing a using directive or an assembly reference?) [/modernize-data/studio-data/TNT1001/APP1460/transformed-code/493/studio-workspace/upgrade-rah/src/ClinicManagement.Domain/ClinicManagement.Domain.csproj]
/modernize-data/studio-data/TNT1001/APP1460/transformed-code/493/studio-workspace/upgrade-rah/src/ClinicManagement.Domain/Interfaces/Services/IBillService.cs(9,10): error CS0246: The type or namespace name 'BillDto' could not be found (are you missing a using directive or an assembly reference?) [/modernize-data/studio-data/TNT1001/APP1460/transformed-code/493/studio-workspace/upgrade-rah/src/ClinicManagement.Domain/ClinicManagement.Domain.csproj]
/modernize-data/studio-data/TNT1001/APP1460/transformed-code/493/studio-workspace/upgrade-rah/src/ClinicManagement.Domain/Interfaces/Services/IAppointmentService.cs(9,38): error CS0246: The type or namespace name 'AppointmentCreateDto' could not be found (are you missing a using directive or an assembly reference?) [/modernize-data/studio-data/TNT1001/APP1460/transformed-code/493/studio-workspace/upgrade-rah/src/ClinicManagement.Domain/ClinicManagement.Domain.csproj]
/modernize-data/studio-data/TNT1001/APP1460/transformed-code/493/studio-workspace/upgrade-rah/src/ClinicManagement.Domain/Interfaces/Services/IAppointmentService.cs(9,10): error CS0246: The type or namespace name 'AppointmentDto' could not be found (are you missing a using directive or an assembly reference?) [/modernize-data/studio-data/TNT1001/APP1460/transformed-code/493/studio-workspace/upgrade-rah/src/ClinicManagement.Domain/ClinicManagement.Domain.csproj]
/modernize-data/studio-data/TNT1001/APP1460/transformed-code/493/studio-workspace/upgrade-rah/src/ClinicManagement.Domain/Interfaces/Services/IDoctorService.cs(10,33): error CS0246: The type or namespace name 'DoctorUpdateDto' could not be found (are you missing a using directive or an assembly reference?) [/modernize-data/studio-data/TNT1001/APP1460/transformed-code/493/studio-workspace/upgrade-rah/src/ClinicManagement.Domain/ClinicManagement.Domain.csproj]
/modernize-data/studio-data/TNT1001/APP1460/transformed-code/493/studio-workspace/upgrade-rah/src/ClinicManagement.Domain/Interfaces/Services/IDoctorService.cs(10,10): error CS0246: The type or namespace name 'DoctorDto' could not be found (are you missing a using directive or an assembly reference?) [/modernize-data/studio-data/TNT1001/APP1460/transformed-code/493/studio-workspace/upgrade-rah/src/ClinicManagement.Domain/ClinicManagement.Domain.csproj]
/modernize-data/studio-data/TNT1001/APP1460/transformed-code/493/studio-workspace/upgrade-rah/src/ClinicManagement.Domain/Interfaces/Services/IBillService.cs(10,31): error CS0246: The type or namespace name 'BillUpdateDto' could not be found (are you missing a using directive or an assembly reference?) [/modernize-data/studio-data/TNT1001/APP1460/transformed-code/493/studio-workspace/upgrade-rah/src/ClinicManagement.Domain/ClinicManagement.Domain.csproj]
/modernize-data/studio-data/TNT1001/APP1460/transformed-code/493/studio-workspace/upgrade-rah/src/ClinicManagement.Domain/Interfaces/Services/IBillService.cs(10,10): error CS0246: The type or namespace name 'BillDto' could not be found (are you missing a using directive or an assembly reference?) [/modernize-data/studio-data/TNT1001/APP1460/transformed-code/493/studio-workspace/upgrade-rah/src/ClinicManagement.Domain/ClinicManagement.Domain.csproj]
/modernize-data/studio-data/TNT1001/APP1460/transformed-code/493/studio-workspace/upgrade-rah/src/ClinicManagement.Domain/Interfaces/Services/IDepartmentService.cs(10,37): error CS0246: The type or namespace name 'DepartmentUpdateDto' could not be found (are you missing a using directive or an assembly reference?) [/modernize-data/studio-data/TNT1001/APP1460/transformed-code/493/studio-workspace/upgrade-rah/src/ClinicManagement.Domain/ClinicManagement.Domain.csproj]
/modernize-data/studio-data/TNT1001/APP1460/transformed-code/493/studio-workspace/upgrade-rah/src/ClinicManagement.Domain/Interfaces/Services/IDepartmentService.cs(10,10): error CS0246: The type or namespace name 'DepartmentDto' could not be found (are you missing a using directive or an assembly reference?) [/modernize-data/studio-data/TNT1001/APP1460/transformed-code/493/studio-workspace/upgrade-rah/src/ClinicManagement.Domain/ClinicManagement.Domain.csproj]
/modernize-data/studio-data/TNT1001/APP1460/transformed-code/493/studio-workspace/upgrade-rah/src/ClinicManagement.Domain/Interfaces/Services/IAppointmentService.cs(10,38): error CS0246: The type or namespace name 'AppointmentUpdateDto' could not be found (are you missing a using directive or an assembly reference?) [/modernize-data/studio-data/TNT1001/APP1460/transformed-code/493/studio-workspace/upgrade-rah/src/ClinicManagement.Domain/ClinicManagement.Domain.csproj]
/modernize-data/studio-data/TNT1001/APP1460/transformed-code/493/studio-workspace/upgrade-rah/src/ClinicManagement.Domain/Interfaces/Services/IAppointmentService.cs(10,10): error CS0246: The type or namespace name 'AppointmentDto' could not be found (are you missing a using directive or an assembly reference?) [/modernize-data/studio-data/TNT1001/APP1460/transformed-code/493/studio-workspace/upgrade-rah/src/ClinicManagement.Domain/ClinicManagement.Domain.csproj]
/modernize-data/studio-data/TNT1001/APP1460/transformed-code/493/studio-workspace/upgrade-rah/src/ClinicManagement.Domain/Interfaces/Services/IBillService.cs(14,22): error CS0246: The type or namespace name 'BillDto' could not be found (are you missing a using directive or an assembly reference?) [/modernize-data/studio-data/TNT1001/APP1460/transformed-code/493/studio-workspace/upgrade-rah/src/ClinicManagement.Domain/ClinicManagement.Domain.csproj]
/modernize-data/studio-data/TNT1001/APP1460/transformed-code/493/studio-workspace/upgrade-rah/src/ClinicManagement.Domain/Interfaces/Services/IDepartmentService.cs(14,10): error CS0246: The type or namespace name 'DepartmentDto' could not be found (are you missing a using directive or an assembly reference?) [/modernize-data/studio-data/TNT1001/APP1460/transformed-code/493/studio-workspace/upgrade-rah/src/ClinicManagement.Domain/ClinicManagement.Domain.csproj]
/modernize-data/studio-data/TNT1001/APP1460/transformed-code/493/studio-workspace/upgrade-rah/src/ClinicManagement.Domain/Interfaces/Services/IDoctorService.cs(14,22): error CS0246: The type or namespace name 'DoctorDto' could not be found (are you missing a using directive or an assembly reference?) [/modernize-data/studio-data/TNT1001/APP1460/transformed-code/493/studio-workspace/upgrade-rah/src/ClinicManagement.Domain/ClinicManagement.Domain.csproj]
/modernize-data/studio-data/TNT1001/APP1460/transformed-code/493/studio-workspace/upgrade-rah/src/ClinicManagement.Domain/Interfaces/Services/IDoctorService.cs(15,22): error CS0246: The type or namespace name 'DoctorDto' could not be found (are you missing a using directive or an assembly reference?) [/modernize-data/studio-data/TNT1001/APP1460/transformed-code/493/studio-workspace/upgrade-rah/src/ClinicManagement.Domain/ClinicManagement.Domain.csproj]
/modernize-data/studio-data/TNT1001/APP1460/transformed-code/493/studio-workspace/upgrade-rah/src/ClinicManagement.Domain/Interfaces/Services/IBillService.cs(15,22): error CS0246: The type or namespace name 'BillDto' could not be found (are you missing a using directive or an assembly reference?) [/modernize-data/studio-data/TNT1001/APP1460/transformed-code/493/studio-workspace/upgrade-rah/src/ClinicManagement.Domain/ClinicManagement.Domain.csproj]
/modernize-data/studio-data/TNT1001/APP1460/transformed-code/493/studio-workspace/upgrade-rah/src/ClinicManagement.Domain/Interfaces/Services/IDepartmentService.cs(15,22): error CS0246: The type or namespace name 'DepartmentDto' could not be found (are you missing a using directive or an assembly reference?) [/modernize-data/studio-data/TNT1001/APP1460/transformed-code/493/studio-workspace/upgrade-rah/src/ClinicManagement.Domain/ClinicManagement.Domain.csproj]
/modernize-data/studio-data/TNT1001/APP1460/transformed-code/493/studio-workspace/upgrade-rah/src/ClinicManagement.Domain/Interfaces/Services/IAppointmentService.cs(14,22): error CS0246: The type or namespace name 'AppointmentDto' could not be found (are you missing a using directive or an assembly reference?) [/modernize-data/studio-data/TNT1001/APP1460/transformed-code/493/studio-workspace/upgrade-rah/src/ClinicManagement.Domain/ClinicManagement.Domain.csproj]
/modernize-data/studio-data/TNT1001/APP1460/transformed-code/493/studio-workspace/upgrade-rah/src/ClinicManagement.Domain/Interfaces/Services/IDoctorService.cs(16,22): error CS0246: The type or namespace name 'DoctorDto' could not be found (are you missing a using directive or an assembly reference?) [/modernize-data/studio-data/TNT1001/APP1460/transformed-code/493/studio-workspace/upgrade-rah/src/ClinicManagement.Domain/ClinicManagement.Domain.csproj]
/modernize-data/studio-data/TNT1001/APP1460/transformed-code/493/studio-workspace/upgrade-rah/src/ClinicManagement.Domain/Interfaces/Services/IAppointmentService.cs(15,22): error CS0246: The type or namespace name 'AppointmentDto' could not be found (are you missing a using directive or an assembly reference?) [/modernize-data/studio-data/TNT1001/APP1460/transformed-code/493/studio-workspace/upgrade-rah/src/ClinicManagement.Domain/ClinicManagement.Domain.csproj]
/modernize-data/studio-data/TNT1001/APP1460/transformed-code/493/studio-workspace/upgrade-rah/src/ClinicManagement.Domain/Interfaces/Services/IBillService.cs(16,22): error CS0246: The type or namespace name 'BillDto' could not be found (are you missing a using directive or an assembly reference?) [/modernize-data/studio-data/TNT1001/APP1460/transformed-code/493/studio-workspace/upgrade-rah/src/ClinicManagement.Domain/ClinicManagement.Domain.csproj]
/modernize-data/studio-data/TNT1001/APP1460/transformed-code/493/studio-workspace/upgrade-rah/src/ClinicManagement.Domain/Interfaces/Services/IDoctorService.cs(17,10): error CS0246: The type or namespace name 'DoctorDto' could not be found (are you missing a using directive or an assembly reference?) [/modernize-data/studio-data/TNT1001/APP1460/transformed-code/493/studio-workspace/upgrade-rah/src/ClinicManagement.Domain/ClinicManagement.Domain.csproj]
/modernize-data/studio-data/TNT1001/APP1460/transformed-code/493/studio-workspace/upgrade-rah/src/ClinicManagement.Domain/Interfaces/Services/IAppointmentService.cs(16,22): error CS0246: The type or namespace name 'AppointmentDto' could not be found (are you missing a using directive or an assembly reference?) [/modernize-data/studio-data/TNT1001/APP1460/transformed-code/493/studio-workspace/upgrade-rah/src/ClinicManagement.Domain/ClinicManagement.Domain.csproj]
/modernize-data/studio-data/TNT1001/APP1460/transformed-code/493/studio-workspace/upgrade-rah/src/ClinicManagement.Domain/Interfaces/Services/IBillService.cs(17,22): error CS0246: The type or namespace name 'BillDto' could not be found (are you missing a using directive or an assembly reference?) [/modernize-data/studio-data/TNT1001/APP1460/transformed-code/493/studio-workspace/upgrade-rah/src/ClinicManagement.Domain/ClinicManagement.Domain.csproj]
/modernize-data/studio-data/TNT1001/APP1460/transformed-code/493/studio-workspace/upgrade-rah/src/ClinicManagement.Domain/Interfaces/Services/IBillService.cs(18,22): error CS0246: The type or namespace name 'BillDto' could not be found (are you missing a using directive or an assembly reference?) [/modernize-data/studio-data/TNT1001/APP1460/transformed-code/493/studio-workspace/upgrade-rah/src/ClinicManagement.Domain/ClinicManagement.Domain.csproj]
/modernize-data/studio-data/TNT1001/APP1460/transformed-code/493/studio-workspace/upgrade-rah/src/ClinicManagement.Domain/Interfaces/Services/IAppointmentService.cs(17,22): error CS0246: The type or namespace name 'AppointmentDto' could not be found (are you missing a using directive or an assembly reference?) [/modernize-data/studio-data/TNT1001/APP1460/transformed-code/493/studio-workspace/upgrade-rah/src/ClinicManagement.Domain/ClinicManagement.Domain.csproj]
/modernize-data/studio-data/TNT1001/APP1460/transformed-code/493/studio-workspace/upgrade-rah/src/ClinicManagement.Domain/Interfaces/Services/IAppointmentService.cs(18,22): error CS0246: The type or namespace name 'AppointmentDto' could not be found (are you missing a using directive or an assembly reference?) [/modernize-data/studio-data/TNT1001/APP1460/transformed-code/493/studio-workspace/upgrade-rah/src/ClinicManagement.Domain/ClinicManagement.Domain.csproj]
/modernize-data/studio-data/TNT1001/APP1460/transformed-code/493/studio-workspace/upgrade-rah/src/ClinicManagement.Domain/Interfaces/Services/IAppointmentService.cs(19,22): error CS0246: The type or namespace name 'AppointmentDto' could not be found (are you missing a using directive or an assembly reference?) [/modernize-data/studio-data/TNT1001/APP1460/transformed-code/493/studio-workspace/upgrade-rah/src/ClinicManagement.Domain/ClinicManagement.Domain.csproj]
/modernize-data/studio-data/TNT1001/APP1460/transformed-code/493/studio-workspace/upgrade-rah/src/ClinicManagement.Domain/Interfaces/Services/IAppointmentService.cs(20,22): error CS0246: The type or namespace name 'AppointmentDto' could not be found (are you missing a using directive or an assembly reference?) [/modernize-data/studio-data/TNT1001/APP1460/transformed-code/493/studio-workspace/upgrade-rah/src/ClinicManagement.Domain/ClinicManagement.Domain.csproj]
/modernize-data/studio-data/TNT1001/APP1460/transformed-code/493/studio-workspace/upgrade-rah/src/ClinicManagement.Domain/Interfaces/Services/IStaffService.cs(7,22): error CS0246: The type or namespace name 'StaffDto' could not be found (are you missing a using directive or an assembly reference?) [/modernize-data/studio-data/TNT1001/APP1460/transformed-code/493/studio-workspace/upgrade-rah/src/ClinicManagement.Domain/ClinicManagement.Domain.csproj]
/modernize-data/studio-data/TNT1001/APP1460/transformed-code/493/studio-workspace/upgrade-rah/src/ClinicManagement.Domain/Interfaces/Services/IPatientService.cs(7,22): error CS0246: The type or namespace name 'PatientDto' could not be found (are you missing a using directive or an assembly reference?) [/modernize-data/studio-data/TNT1001/APP1460/transformed-code/493/studio-workspace/upgrade-rah/src/ClinicManagement.Domain/ClinicManagement.Domain.csproj]
/modernize-data/studio-data/TNT1001/APP1460/transformed-code/493/studio-workspace/upgrade-rah/src/ClinicManagement.Domain/Interfaces/Services/IStaffService.cs(8,10): error CS0246: The type or namespace name 'StaffDto' could not be found (are you missing a using directive or an assembly reference?) [/modernize-data/studio-data/TNT1001/APP1460/transformed-code/493/studio-workspace/upgrade-rah/src/ClinicManagement.Domain/ClinicManagement.Domain.csproj]
/modernize-data/studio-data/TNT1001/APP1460/transformed-code/493/studio-workspace/upgrade-rah/src/ClinicManagement.Domain/Interfaces/Services/IPatientService.cs(8,10): error CS0246: The type or namespace name 'PatientDto' could not be found (are you missing a using directive or an assembly reference?) [/modernize-data/studio-data/TNT1001/APP1460/transformed-code/493/studio-workspace/upgrade-rah/src/ClinicManagement.Domain/ClinicManagement.Domain.csproj]
/modernize-data/studio-data/TNT1001/APP1460/transformed-code/493/studio-workspace/upgrade-rah/src/ClinicManagement.Domain/Interfaces/Services/IPatientService.cs(9,34): error CS0246: The type or namespace name 'PatientCreateDto' could not be found (are you missing a using directive or an assembly reference?) [/modernize-data/studio-data/TNT1001/APP1460/transformed-code/493/studio-workspace/upgrade-rah/src/ClinicManagement.Domain/ClinicManagement.Domain.csproj]
/modernize-data/studio-data/TNT1001/APP1460/transformed-code/493/studio-workspace/upgrade-rah/src/ClinicManagement.Domain/Interfaces/Services/IPatientService.cs(9,10): error CS0246: The type or namespace name 'PatientDto' could not be found (are you missing a using directive or an assembly reference?) [/modernize-data/studio-data/TNT1001/APP1460/transformed-code/493/studio-workspace/upgrade-rah/src/ClinicManagement.Domain/ClinicManagement.Domain.csproj]
/modernize-data/studio-data/TNT1001/APP1460/transformed-code/493/studio-workspace/upgrade-rah/src/ClinicManagement.Domain/Interfaces/Services/IStaffService.cs(9,32): error CS0246: The type or namespace name 'StaffCreateDto' could not be found (are you missing a using directive or an assembly reference?) [/modernize-data/studio-data/TNT1001/APP1460/transformed-code/493/studio-workspace/upgrade-rah/src/ClinicManagement.Domain/ClinicManagement.Domain.csproj]
/modernize-data/studio-data/TNT1001/APP1460/transformed-code/493/studio-workspace/upgrade-rah/src/ClinicManagement.Domain/Interfaces/Services/IStaffService.cs(9,10): error CS0246: The type or namespace name 'StaffDto' could not be found (are you missing a using directive or an assembly reference?) [/modernize-data/studio-data/TNT1001/APP1460/transformed-code/493/studio-workspace/upgrade-rah/src/ClinicManagement.Domain/ClinicManagement.Domain.csproj]
/modernize-data/studio-data/TNT1001/APP1460/transformed-code/493/studio-workspace/upgrade-rah/src/ClinicManagement.Domain/Interfaces/Services/IPatientService.cs(10,34): error CS0246: The type or namespace name 'PatientUpdateDto' could not be found (are you missing a using directive or an assembly reference?) [/modernize-data/studio-data/TNT1001/APP1460/transformed-code/493/studio-workspace/upgrade-rah/src/ClinicManagement.Domain/ClinicManagement.Domain.csproj]
/modernize-data/studio-data/TNT1001/APP1460/transformed-code/493/studio-workspace/upgrade-rah/src/ClinicManagement.Domain/Interfaces/Services/IPatientService.cs(10,10): error CS0246: The type or namespace name 'PatientDto' could not be found (are you missing a using directive or an assembly reference?) [/modernize-data/studio-data/TNT1001/APP1460/transformed-code/493/studio-workspace/upgrade-rah/src/ClinicManagement.Domain/ClinicManagement.Domain.csproj]
/modernize-data/studio-data/TNT1001/APP1460/transformed-code/493/studio-workspace/upgrade-rah/src/ClinicManagement.Domain/Interfaces/Services/IStaffService.cs(10,32): error CS0246: The type or namespace name 'StaffUpdateDto' could not be found (are you missing a using directive or an assembly reference?) [/modernize-data/studio-data/TNT1001/APP1460/transformed-code/493/studio-workspace/upgrade-rah/src/ClinicManagement.Domain/ClinicManagement.Domain.csproj]
/modernize-data/studio-data/TNT1001/APP1460/transformed-code/493/studio-workspace/upgrade-rah/src/ClinicManagement.Domain/Interfaces/Services/IStaffService.cs(10,10): error CS0246: The type or namespace name 'StaffDto' could not be found (are you missing a using directive or an assembly reference?) [/modernize-data/studio-data/TNT1001/APP1460/transformed-code/493/studio-workspace/upgrade-rah/src/ClinicManagement.Domain/ClinicManagement.Domain.csproj]
/modernize-data/studio-data/TNT1001/APP1460/transformed-code/493/studio-workspace/upgrade-rah/src/ClinicManagement.Domain/Interfaces/Services/IPatientService.cs(14,22): error CS0246: The type or namespace name 'PatientDto' could not be found (are you missing a using directive or an assembly reference?) [/modernize-data/studio-data/TNT1001/APP1460/transformed-code/493/studio-workspace/upgrade-rah/src/ClinicManagement.Domain/ClinicManagement.Domain.csproj]
/modernize-data/studio-data/TNT1001/APP1460/transformed-code/493/studio-workspace/upgrade-rah/src/ClinicManagement.Domain/Interfaces/Services/IStaffService.cs(14,22): error CS0246: The type or namespace name 'StaffDto' could not be found (are you missing a using directive or an assembly reference?) [/modernize-data/studio-data/TNT1001/APP1460/transformed-code/493/studio-workspace/upgrade-rah/src/ClinicManagement.Domain/ClinicManagement.Domain.csproj]
/modernize-data/studio-data/TNT1001/APP1460/transformed-code/493/studio-workspace/upgrade-rah/src/ClinicManagement.Domain/Interfaces/Services/IPatientService.cs(15,10): error CS0246: The type or namespace name 'PatientDto' could not be found (are you missing a using directive or an assembly reference?) [/modernize-data/studio-data/TNT1001/APP1460/transformed-code/493/studio-workspace/upgrade-rah/src/ClinicManagement.Domain/ClinicManagement.Domain.csproj]
/modernize-data/studio-data/TNT1001/APP1460/transformed-code/493/studio-workspace/upgrade-rah/src/ClinicManagement.Domain/Interfaces/Services/IStaffService.cs(15,22): error CS0246: The type or namespace name 'StaffDto' could not be found (are you missing a using directive or an assembly reference?) [/modernize-data/studio-data/TNT1001/APP1460/transformed-code/493/studio-workspace/upgrade-rah/src/ClinicManagement.Domain/ClinicManagement.Domain.csproj]
/modernize-data/studio-data/TNT1001/APP1460/transformed-code/493/studio-workspace/upgrade-rah/src/ClinicManagement.Domain/Interfaces/Services/IPatientService.cs(16,22): error CS0246: The type or namespace name 'PatientDto' could not be found (are you missing a using directive or an assembly reference?) [/modernize-data/studio-data/TNT1001/APP1460/transformed-code/493/studio-workspace/upgrade-rah/src/ClinicManagement.Domain/ClinicManagement.Domain.csproj]
/modernize-data/studio-data/TNT1001/APP1460/transformed-code/493/studio-workspace/upgrade-rah/src/ClinicManagement.Domain/Interfaces/Services/IStaffService.cs(16,22): error CS0246: The type or namespace name 'StaffDto' could not be found (are you missing a using directive or an assembly reference?) [/modernize-data/studio-data/TNT1001/APP1460/transformed-code/493/studio-workspace/upgrade-rah/src/ClinicManagement.Domain/ClinicManagement.Domain.csproj]
/modernize-data/studio-data/TNT1001/APP1460/transformed-code/493/studio-workspace/upgrade-rah/src/ClinicManagement.Domain/Interfaces/Services/IPatientService.cs(17,22): error CS0246: The type or namespace name 'PatientDto' could not be found (are you missing a using directive or an assembly reference?) [/modernize-data/studio-data/TNT1001/APP1460/transformed-code/493/studio-workspace/upgrade-rah/src/ClinicManagement.Domain/ClinicManagement.Domain.csproj]
/modernize-data/studio-data/TNT1001/APP1460/transformed-code/493/studio-workspace/upgrade-rah/src/ClinicManagement.Domain/Interfaces/Services/IStaffService.cs(17,10): error CS0246: The type or namespace name 'StaffDto' could not be found (are you missing a using directive or an assembly reference?) [/modernize-data/studio-data/TNT1001/APP1460/transformed-code/493/studio-workspace/upgrade-rah/src/ClinicManagement.Domain/ClinicManagement.Domain.csproj]
/modernize-data/studio-data/TNT1001/APP1460/transformed-code/493/studio-workspace/upgrade-rah/src/ClinicManagement.Domain/Interfaces/Services/IStaffService.cs(18,22): error CS0246: The type or namespace name 'StaffDto' could not be found (are you missing a using directive or an assembly reference?) [/modernize-data/studio-data/TNT1001/APP1460/transformed-code/493/studio-workspace/upgrade-rah/src/ClinicManagement.Domain/ClinicManagement.Domain.csproj]

Build FAILED.

/modernize-data/studio-data/TNT1001/APP1460/transformed-code/493/studio-workspace/upgrade-rah/src/ClinicManagement.Domain/Interfaces/Services/IAppointmentService.cs(1,24): error CS0234: The type or namespace name 'Application' does not exist in the namespace 'ClinicManagement' (are you missing an assembly reference?) [/modernize-data/studio-data/TNT1001/APP1460/transformed-code/493/studio-workspace/upgrade-rah/src/ClinicManagement.Domain/ClinicManagement.Domain.csproj]
/modernize-data/studio-data/TNT1001/APP1460/transformed-code/493/studio-workspace/upgrade-rah/src/ClinicManagement.Domain/Interfaces/Services/IBillService.cs(1,24): error CS0234: The type or namespace name 'Application' does not exist in the namespace 'ClinicManagement' (are you missing an assembly reference?) [/modernize-data/studio-data/TNT1001/APP1460/transformed-code/493/studio-workspace/upgrade-rah/src/ClinicManagement.Domain/ClinicManagement.Domain.csproj]
/modernize-data/studio-data/TNT1001/APP1460/transformed-code/493/studio-workspace/upgrade-rah/src/ClinicManagement.Domain/Interfaces/Services/IDepartmentService.cs(1,24): error CS0234: The type or namespace name 'Application' does not exist in the namespace 'ClinicManagement' (are you missing an assembly reference?) [/modernize-data/studio-data/TNT1001/APP1460/transformed-code/493/studio-workspace/upgrade-rah/src/ClinicManagement.Domain/ClinicManagement.Domain.csproj]
/modernize-data/studio-data/TNT1001/APP1460/transformed-code/493/studio-workspace/upgrade-rah/src/ClinicManagement.Domain/Interfaces/Services/IDoctorService.cs(1,24): error CS0234: The type or namespace name 'Application' does not exist in the namespace 'ClinicManagement' (are you missing an assembly reference?) [/modernize-data/studio-data/TNT1001/APP1460/transformed-code/493/studio-workspace/upgrade-rah/src/ClinicManagement.Domain/ClinicManagement.Domain.csproj]
/modernize-data/studio-data/TNT1001/APP1460/transformed-code/493/studio-workspace/upgrade-rah/src/ClinicManagement.Domain/Interfaces/Services/IPatientService.cs(1,24): error CS0234: The type or namespace name 'Application' does not exist in the namespace 'ClinicManagement' (are you missing an assembly reference?) [/modernize-data/studio-data/TNT1001/APP1460/transformed-code/493/studio-workspace/upgrade-rah/src/ClinicManagement.Domain/ClinicManagement.Domain.csproj]
/modernize-data/studio-data/TNT1001/APP1460/transformed-code/493/studio-workspace/upgrade-rah/src/ClinicManagement.Domain/Interfaces/Services/IStaffService.cs(1,24): error CS0234: The type or namespace name 'Application' does not exist in the namespace 'ClinicManagement' (are you missing an assembly reference?) [/modernize-data/studio-data/TNT1001/APP1460/transformed-code/493/studio-workspace/upgrade-rah/src/ClinicManagement.Domain/ClinicManagement.Domain.csproj]
/modernize-data/studio-data/TNT1001/APP1460/transformed-code/493/studio-workspace/upgrade-rah/src/ClinicManagement.Domain/Interfaces/Services/IBillService.cs(7,22): error CS0246: The type or namespace name 'BillDto' could not be found (are you missing a using directive or an assembly reference?) [/modernize-data/studio-data/TNT1001/APP1460/transformed-code/493/studio-workspace/upgrade-rah/src/ClinicManagement.Domain/ClinicManagement.Domain.csproj]
/modernize-data/studio-data/TNT1001/APP1460/transformed-code/493/studio-workspace/upgrade-rah/src/ClinicManagement.Domain/Interfaces/Services/IAppointmentService.cs(7,22): error CS0246: The type or namespace name 'AppointmentDto' could not be found (are you missing a using directive or an assembly reference?) [/modernize-data/studio-data/TNT1001/APP1460/transformed-code/493/studio-workspace/upgrade-rah/src/ClinicManagement.Domain/ClinicManagement.Domain.csproj]
/modernize-data/studio-data/TNT1001/APP1460/transformed-code/493/studio-workspace/upgrade-rah/src/ClinicManagement.Domain/Interfaces/Services/IDoctorService.cs(7,22): error CS0246: The type or namespace name 'DoctorDto' could not be found (are you missing a using directive or an assembly reference?) [/modernize-data/studio-data/TNT1001/APP1460/transformed-code/493/studio-workspace/upgrade-rah/src/ClinicManagement.Domain/ClinicManagement.Domain.csproj]
/modernize-data/studio-data/TNT1001/APP1460/transformed-code/493/studio-workspace/upgrade-rah/src/ClinicManagement.Domain/Interfaces/Services/IDepartmentService.cs(7,22): error CS0246: The type or namespace name 'DepartmentDto' could not be found (are you missing a using directive or an assembly reference?) [/modernize-data/studio-data/TNT1001/APP1460/transformed-code/493/studio-workspace/upgrade-rah/src/ClinicManagement.Domain/ClinicManagement.Domain.csproj]
/modernize-data/studio-data/TNT1001/APP1460/transformed-code/493/studio-workspace/upgrade-rah/src/ClinicManagement.Domain/Interfaces/Services/IBillService.cs(8,10): error CS0246: The type or namespace name 'BillDto' could not be found (are you missing a using directive or an assembly reference?) [/modernize-data/studio-data/TNT1001/APP1460/transformed-code/493/studio-workspace/upgrade-rah/src/ClinicManagement.Domain/ClinicManagement.Domain.csproj]
/modernize-data/studio-data/TNT1001/APP1460/transformed-code/493/studio-workspace/upgrade-rah/src/ClinicManagement.Domain/Interfaces/Services/IDepartmentService.cs(8,10): error CS0246: The type or namespace name 'DepartmentDto' could not be found (are you missing a using directive or an assembly reference?) [/modernize-data/studio-data/TNT1001/APP1460/transformed-code/493/studio-workspace/upgrade-rah/src/ClinicManagement.Domain/ClinicManagement.Domain.csproj]
/modernize-data/studio-data/TNT1001/APP1460/transformed-code/493/studio-workspace/upgrade-rah/src/ClinicManagement.Domain/Interfaces/Services/IDoctorService.cs(8,10): error CS0246: The type or namespace name 'DoctorDto' could not be found (are you missing a using directive or an assembly reference?) [/modernize-data/studio-data/TNT1001/APP1460/transformed-code/493/studio-workspace/upgrade-rah/src/ClinicManagement.Domain/ClinicManagement.Domain.csproj]
/modernize-data/studio-data/TNT1001/APP1460/transformed-code/493/studio-workspace/upgrade-rah/src/ClinicManagement.Domain/Interfaces/Services/IAppointmentService.cs(8,10): error CS0246: The type or namespace name 'AppointmentDto' could not be found (are you missing a using directive or an assembly reference?) [/modernize-data/studio-data/TNT1001/APP1460/transformed-code/493/studio-workspace/upgrade-rah/src/ClinicManagement.Domain/ClinicManagement.Domain.csproj]
/modernize-data/studio-data/TNT1001/APP1460/transformed-code/493/studio-workspace/upgrade-rah/src/ClinicManagement.Domain/Interfaces/Services/IDoctorService.cs(9,33): error CS0246: The type or namespace name 'DoctorCreateDto' could not be found (are you missing a using directive or an assembly reference?) [/modernize-data/studio-data/TNT1001/APP1460/transformed-code/493/studio-workspace/upgrade-rah/src/ClinicManagement.Domain/ClinicManagement.Domain.csproj]
/modernize-data/studio-data/TNT1001/APP1460/transformed-code/493/studio-workspace/upgrade-rah/src/ClinicManagement.Domain/Interfaces/Services/IDoctorService.cs(9,10): error CS0246: The type or namespace name 'DoctorDto' could not be found (are you missing a using directive or an assembly reference?) [/modernize-data/studio-data/TNT1001/APP1460/transformed-code/493/studio-workspace/upgrade-rah/src/ClinicManagement.Domain/ClinicManagement.Domain.csproj]
/modernize-data/studio-data/TNT1001/APP1460/transformed-code/493/studio-workspace/upgrade-rah/src/ClinicManagement.Domain/Interfaces/Services/IDepartmentService.cs(9,37): error CS0246: The type or namespace name 'DepartmentCreateDto' could not be found (are you missing a using directive or an assembly reference?) [/modernize-data/studio-data/TNT1001/APP1460/transformed-code/493/studio-workspace/upgrade-rah/src/ClinicManagement.Domain/ClinicManagement.Domain.csproj]
/modernize-data/studio-data/TNT1001/APP1460/transformed-code/493/studio-workspace/upgrade-rah/src/ClinicManagement.Domain/Interfaces/Services/IDepartmentService.cs(9,10): error CS0246: The type or namespace name 'DepartmentDto' could not be found (are you missing a using directive or an assembly reference?) [/modernize-data/studio-data/TNT1001/APP1460/transformed-code/493/studio-workspace/upgrade-rah/src/ClinicManagement.Domain/ClinicManagement.Domain.csproj]
/modernize-data/studio-data/TNT1001/APP1460/transformed-code/493/studio-workspace/upgrade-rah/src/ClinicManagement.Domain/Interfaces/Services/IBillService.cs(9,31): error CS0246: The type or namespace name 'BillCreateDto' could not be found (are you missing a using directive or an assembly reference?) [/modernize-data/studio-data/TNT1001/APP1460/transformed-code/493/studio-workspace/upgrade-rah/src/ClinicManagement.Domain/ClinicManagement.Domain.csproj]
/modernize-data/studio-data/TNT1001/APP1460/transformed-code/493/studio-workspace/upgrade-rah/src/ClinicManagement.Domain/Interfaces/Services/IBillService.cs(9,10): error CS0246: The type or namespace name 'BillDto' could not be found (are you missing a using directive or an assembly reference?) [/modernize-data/studio-data/TNT1001/APP1460/transformed-code/493/studio-workspace/upgrade-rah/src/ClinicManagement.Domain/ClinicManagement.Domain.csproj]
/modernize-data/studio-data/TNT1001/APP1460/transformed-code/493/studio-workspace/upgrade-rah/src/ClinicManagement.Domain/Interfaces/Services/IAppointmentService.cs(9,38): error CS0246: The type or namespace name 'AppointmentCreateDto' could not be found (are you missing a using directive or an assembly reference?) [/modernize-data/studio-data/TNT1001/APP1460/transformed-code/493/studio-workspace/upgrade-rah/src/ClinicManagement.Domain/ClinicManagement.Domain.csproj]
/modernize-data/studio-data/TNT1001/APP1460/transformed-code/493/studio-workspace/upgrade-rah/src/ClinicManagement.Domain/Interfaces/Services/IAppointmentService.cs(9,10): error CS0246: The type or namespace name 'AppointmentDto' could not be found (are you missing a using directive or an assembly reference?) [/modernize-data/studio-data/TNT1001/APP1460/transformed-code/493/studio-workspace/upgrade-rah/src/ClinicManagement.Domain/ClinicManagement.Domain.csproj]
/modernize-data/studio-data/TNT1001/APP1460/transformed-code/493/studio-workspace/upgrade-rah/src/ClinicManagement.Domain/Interfaces/Services/IDoctorService.cs(10,33): error CS0246: The type or namespace name 'DoctorUpdateDto' could not be found (are you missing a using directive or an assembly reference?) [/modernize-data/studio-data/TNT1001/APP1460/transformed-code/493/studio-workspace/upgrade-rah/src/ClinicManagement.Domain/ClinicManagement.Domain.csproj]
/modernize-data/studio-data/TNT1001/APP1460/transformed-code/493/studio-workspace/upgrade-rah/src/ClinicManagement.Domain/Interfaces/Services/IDoctorService.cs(10,10): error CS0246: The type or namespace name 'DoctorDto' could not be found (are you missing a using directive or an assembly reference?) [/modernize-data/studio-data/TNT1001/APP1460/transformed-code/493/studio-workspace/upgrade-rah/src/ClinicManagement.Domain/ClinicManagement.Domain.csproj]
/modernize-data/studio-data/TNT1001/APP1460/transformed-code/493/studio-workspace/upgrade-rah/src/ClinicManagement.Domain/Interfaces/Services/IBillService.cs(10,31): error CS0246: The type or namespace name 'BillUpdateDto' could not be found (are you missing a using directive or an assembly reference?) [/modernize-data/studio-data/TNT1001/APP1460/transformed-code/493/studio-workspace/upgrade-rah/src/ClinicManagement.Domain/ClinicManagement.Domain.csproj]
/modernize-data/studio-data/TNT1001/APP1460/transformed-code/493/studio-workspace/upgrade-rah/src/ClinicManagement.Domain/Interfaces/Services/IBillService.cs(10,10): error CS0246: The type or namespace name 'BillDto' could not be found (are you missing a using directive or an assembly reference?) [/modernize-data/studio-data/TNT1001/APP1460/transformed-code/493/studio-workspace/upgrade-rah/src/ClinicManagement.Domain/ClinicManagement.Domain.csproj]
/modernize-data/studio-data/TNT1001/APP1460/transformed-code/493/studio-workspace/upgrade-rah/src/ClinicManagement.Domain/Interfaces/Services/IDepartmentService.cs(10,37): error CS0246: The type or namespace name 'DepartmentUpdateDto' could not be found (are you missing a using directive or an assembly reference?) [/modernize-data/studio-data/TNT1001/APP1460/transformed-code/493/studio-workspace/upgrade-rah/src/ClinicManagement.Domain/ClinicManagement.Domain.csproj]
/modernize-data/studio-data/TNT1001/APP1460/transformed-code/493/studio-workspace/upgrade-rah/src/ClinicManagement.Domain/Interfaces/Services/IDepartmentService.cs(10,10): error CS0246: The type or namespace name 'DepartmentDto' could not be found (are you missing a using directive or an assembly reference?) [/modernize-data/studio-data/TNT1001/APP1460/transformed-code/493/studio-workspace/upgrade-rah/src/ClinicManagement.Domain/ClinicManagement.Domain.csproj]
/modernize-data/studio-data/TNT1001/APP1460/transformed-code/493/studio-workspace/upgrade-rah/src/ClinicManagement.Domain/Interfaces/Services/IAppointmentService.cs(10,38): error CS0246: The type or namespace name 'AppointmentUpdateDto' could not be found (are you missing a using directive or an assembly reference?) [/modernize-data/studio-data/TNT1001/APP1460/transformed-code/493/studio-workspace/upgrade-rah/src/ClinicManagement.Domain/ClinicManagement.Domain.csproj]
/modernize-data/studio-data/TNT1001/APP1460/transformed-code/493/studio-workspace/upgrade-rah/src/ClinicManagement.Domain/Interfaces/Services/IAppointmentService.cs(10,10): error CS0246: The type or namespace name 'AppointmentDto' could not be found (are you missing a using directive or an assembly reference?) [/modernize-data/studio-data/TNT1001/APP1460/transformed-code/493/studio-workspace/upgrade-rah/src/ClinicManagement.Domain/ClinicManagement.Domain.csproj]
/modernize-data/studio-data/TNT1001/APP1460/transformed-code/493/studio-workspace/upgrade-rah/src/ClinicManagement.Domain/Interfaces/Services/IBillService.cs(14,22): error CS0246: The type or namespace name 'BillDto' could not be found (are you missing a using directive or an assembly reference?) [/modernize-data/studio-data/TNT1001/APP1460/transformed-code/493/studio-workspace/upgrade-rah/src/ClinicManagement.Domain/ClinicManagement.Domain.csproj]
/modernize-data/studio-data/TNT1001/APP1460/transformed-code/493/studio-workspace/upgrade-rah/src/ClinicManagement.Domain/Interfaces/Services/IDepartmentService.cs(14,10): error CS0246: The type or namespace name 'DepartmentDto' could not be found (are you missing a using directive or an assembly reference?) [/modernize-data/studio-data/TNT1001/APP1460/transformed-code/493/studio-workspace/upgrade-rah/src/ClinicManagement.Domain/ClinicManagement.Domain.csproj]
/modernize-data/studio-data/TNT1001/APP1460/transformed-code/493/studio-workspace/upgrade-rah/src/ClinicManagement.Domain/Interfaces/Services/IDoctorService.cs(14,22): error CS0246: The type or namespace name 'DoctorDto' could not be found (are you missing a using directive or an assembly reference?) [/modernize-data/studio-data/TNT1001/APP1460/transformed-code/493/studio-workspace/upgrade-rah/src/ClinicManagement.Domain/ClinicManagement.Domain.csproj]
/modernize-data/studio-data/TNT1001/APP1460/transformed-code/493/studio-workspace/upgrade-rah/src/ClinicManagement.Domain/Interfaces/Services/IDoctorService.cs(15,22): error CS0246: The type or namespace name 'DoctorDto' could not be found (are you missing a using directive or an assembly reference?) [/modernize-data/studio-data/TNT1001/APP1460/transformed-code/493/studio-workspace/upgrade-rah/src/ClinicManagement.Domain/ClinicManagement.Domain.csproj]
/modernize-data/studio-data/TNT1001/APP1460/transformed-code/493/studio-workspace/upgrade-rah/src/ClinicManagement.Domain/Interfaces/Services/IBillService.cs(15,22): error CS0246: The type or namespace name 'BillDto' could not be found (are you missing a using directive or an assembly reference?) [/modernize-data/studio-data/TNT1001/APP1460/transformed-code/493/studio-workspace/upgrade-rah/src/ClinicManagement.Domain/ClinicManagement.Domain.csproj]
/modernize-data/studio-data/TNT1001/APP1460/transformed-code/493/studio-workspace/upgrade-rah/src/ClinicManagement.Domain/Interfaces/Services/IDepartmentService.cs(15,22): error CS0246: The type or namespace name 'DepartmentDto' could not be found (are you missing a using directive or an assembly reference?) [/modernize-data/studio-data/TNT1001/APP1460/transformed-code/493/studio-workspace/upgrade-rah/src/ClinicManagement.Domain/ClinicManagement.Domain.csproj]
/modernize-data/studio-data/TNT1001/APP1460/transformed-code/493/studio-workspace/upgrade-rah/src/ClinicManagement.Domain/Interfaces/Services/IAppointmentService.cs(14,22): error CS0246: The type or namespace name 'AppointmentDto' could not be found (are you missing a using directive or an assembly reference?) [/modernize-data/studio-data/TNT1001/APP1460/transformed-code/493/studio-workspace/upgrade-rah/src/ClinicManagement.Domain/ClinicManagement.Domain.csproj]
/modernize-data/studio-data/TNT1001/APP1460/transformed-code/493/studio-workspace/upgrade-rah/src/ClinicManagement.Domain/Interfaces/Services/IDoctorService.cs(16,22): error CS0246: The type or namespace name 'DoctorDto' could not be found (are you missing a using directive or an assembly reference?) [/modernize-data/studio-data/TNT1001/APP1460/transformed-code/493/studio-workspace/upgrade-rah/src/ClinicManagement.Domain/ClinicManagement.Domain.csproj]
/modernize-data/studio-data/TNT1001/APP1460/transformed-code/493/studio-workspace/upgrade-rah/src/ClinicManagement.Domain/Interfaces/Services/IAppointmentService.cs(15,22): error CS0246: The type or namespace name 'AppointmentDto' could not be found (are you missing a using directive or an assembly reference?) [/modernize-data/studio-data/TNT1001/APP1460/transformed-code/493/studio-workspace/upgrade-rah/src/ClinicManagement.Domain/ClinicManagement.Domain.csproj]
/modernize-data/studio-data/TNT1001/APP1460/transformed-code/493/studio-workspace/upgrade-rah/src/ClinicManagement.Domain/Interfaces/Services/IBillService.cs(16,22): error CS0246: The type or namespace name 'BillDto' could not be found (are you missing a using directive or an assembly reference?) [/modernize-data/studio-data/TNT1001/APP1460/transformed-code/493/studio-workspace/upgrade-rah/src/ClinicManagement.Domain/ClinicManagement.Domain.csproj]
/modernize-data/studio-data/TNT1001/APP1460/transformed-code/493/studio-workspace/upgrade-rah/src/ClinicManagement.Domain/Interfaces/Services/IDoctorService.cs(17,10): error CS0246: The type or namespace name 'DoctorDto' could not be found (are you missing a using directive or an assembly reference?) [/modernize-data/studio-data/TNT1001/APP1460/transformed-code/493/studio-workspace/upgrade-rah/src/ClinicManagement.Domain/ClinicManagement.Domain.csproj]
/modernize-data/studio-data/TNT1001/APP1460/transformed-code/493/studio-workspace/upgrade-rah/src/ClinicManagement.Domain/Interfaces/Services/IAppointmentService.cs(16,22): error CS0246: The type or namespace name 'AppointmentDto' could not be found (are you missing a using directive or an assembly reference?) [/modernize-data/studio-data/TNT1001/APP1460/transformed-code/493/studio-workspace/upgrade-rah/src/ClinicManagement.Domain/ClinicManagement.Domain.csproj]
/modernize-data/studio-data/TNT1001/APP1460/transformed-code/493/studio-workspace/upgrade-rah/src/ClinicManagement.Domain/Interfaces/Services/IBillService.cs(17,22): error CS0246: The type or namespace name 'BillDto' could not be found (are you missing a using directive or an assembly reference?) [/modernize-data/studio-data/TNT1001/APP1460/transformed-code/493/studio-workspace/upgrade-rah/src/ClinicManagement.Domain/ClinicManagement.Domain.csproj]
/modernize-data/studio-data/TNT1001/APP1460/transformed-code/493/studio-workspace/upgrade-rah/src/ClinicManagement.Domain/Interfaces/Services/IBillService.cs(18,22): error CS0246: The type or namespace name 'BillDto' could not be found (are you missing a using directive or an assembly reference?) [/modernize-data/studio-data/TNT1001/APP1460/transformed-code/493/studio-workspace/upgrade-rah/src/ClinicManagement.Domain/ClinicManagement.Domain.csproj]
/modernize-data/studio-data/TNT1001/APP1460/transformed-code/493/studio-workspace/upgrade-rah/src/ClinicManagement.Domain/Interfaces/Services/IAppointmentService.cs(17,22): error CS0246: The type or namespace name 'AppointmentDto' could not be found (are you missing a using directive or an assembly reference?) [/modernize-data/studio-data/TNT1001/APP1460/transformed-code/493/studio-workspace/upgrade-rah/src/ClinicManagement.Domain/ClinicManagement.Domain.csproj]
/modernize-data/studio-data/TNT1001/APP1460/transformed-code/493/studio-workspace/upgrade-rah/src/ClinicManagement.Domain/Interfaces/Services/IAppointmentService.cs(18,22): error CS0246: The type or namespace name 'AppointmentDto' could not be found (are you missing a using directive or an assembly reference?) [/modernize-data/studio-data/TNT1001/APP1460/transformed-code/493/studio-workspace/upgrade-rah/src/ClinicManagement.Domain/ClinicManagement.Domain.csproj]
/modernize-data/studio-data/TNT1001/APP1460/transformed-code/493/studio-workspace/upgrade-rah/src/ClinicManagement.Domain/Interfaces/Services/IAppointmentService.cs(19,22): error CS0246: The type or namespace name 'AppointmentDto' could not be found (are you missing a using directive or an assembly reference?) [/modernize-data/studio-data/TNT1001/APP1460/transformed-code/493/studio-workspace/upgrade-rah/src/ClinicManagement.Domain/ClinicManagement.Domain.csproj]
/modernize-data/studio-data/TNT1001/APP1460/transformed-code/493/studio-workspace/upgrade-rah/src/ClinicManagement.Domain/Interfaces/Services/IAppointmentService.cs(20,22): error CS0246: The type or namespace name 'AppointmentDto' could not be found (are you missing a using directive or an assembly reference?) [/modernize-data/studio-data/TNT1001/APP1460/transformed-code/493/studio-workspace/upgrade-rah/src/ClinicManagement.Domain/ClinicManagement.Domain.csproj]
/modernize-data/studio-data/TNT1001/APP1460/transformed-code/493/studio-workspace/upgrade-rah/src/ClinicManagement.Domain/Interfaces/Services/IStaffService.cs(7,22): error CS0246: The type or namespace name 'StaffDto' could not be found (are you missing a using directive or an assembly reference?) [/modernize-data/studio-data/TNT1001/APP1460/transformed-code/493/studio-workspace/upgrade-rah/src/ClinicManagement.Domain/ClinicManagement.Domain.csproj]
/modernize-data/studio-data/TNT1001/APP1460/transformed-code/493/studio-workspace/upgrade-rah/src/ClinicManagement.Domain/Interfaces/Services/IPatientService.cs(7,22): error CS0246: The type or namespace name 'PatientDto' could not be found (are you missing a using directive or an assembly reference?) [/modernize-data/studio-data/TNT1001/APP1460/transformed-code/493/studio-workspace/upgrade-rah/src/ClinicManagement.Domain/ClinicManagement.Domain.csproj]
/modernize-data/studio-data/TNT1001/APP1460/transformed-code/493/studio-workspace/upgrade-rah/src/ClinicManagement.Domain/Interfaces/Services/IStaffService.cs(8,10): error CS0246: The type or namespace name 'StaffDto' could not be found (are you missing a using directive or an assembly reference?) [/modernize-data/studio-data/TNT1001/APP1460/transformed-code/493/studio-workspace/upgrade-rah/src/ClinicManagement.Domain/ClinicManagement.Domain.csproj]
/modernize-data/studio-data/TNT1001/APP1460/transformed-code/493/studio-workspace/upgrade-rah/src/ClinicManagement.Domain/Interfaces/Services/IPatientService.cs(8,10): error CS0246: The type or namespace name 'PatientDto' could not be found (are you missing a using directive or an assembly reference?) [/modernize-data/studio-data/TNT1001/APP1460/transformed-code/493/studio-workspace/upgrade-rah/src/ClinicManagement.Domain/ClinicManagement.Domain.csproj]
/modernize-data/studio-data/TNT1001/APP1460/transformed-code/493/studio-workspace/upgrade-rah/src/ClinicManagement.Domain/Interfaces/Services/IPatientService.cs(9,34): error CS0246: The type or namespace name 'PatientCreateDto' could not be found (are you missing a using directive or an assembly reference?) [/modernize-data/studio-data/TNT1001/APP1460/transformed-code/493/studio-workspace/upgrade-rah/src/ClinicManagement.Domain/ClinicManagement.Domain.csproj]
/modernize-data/studio-data/TNT1001/APP1460/transformed-code/493/studio-workspace/upgrade-rah/src/ClinicManagement.Domain/Interfaces/Services/IPatientService.cs(9,10): error CS0246: The type or namespace name 'PatientDto' could not be found (are you missing a using directive or an assembly reference?) [/modernize-data/studio-data/TNT1001/APP1460/transformed-code/493/studio-workspace/upgrade-rah/src/ClinicManagement.Domain/ClinicManagement.Domain.csproj]
/modernize-data/studio-data/TNT1001/APP1460/transformed-code/493/studio-workspace/upgrade-rah/src/ClinicManagement.Domain/Interfaces/Services/IStaffService.cs(9,32): error CS0246: The type or namespace name 'StaffCreateDto' could not be found (are you missing a using directive or an assembly reference?) [/modernize-data/studio-data/TNT1001/APP1460/transformed-code/493/studio-workspace/upgrade-rah/src/ClinicManagement.Domain/ClinicManagement.Domain.csproj]
/modernize-data/studio-data/TNT1001/APP1460/transformed-code/493/studio-workspace/upgrade-rah/src/ClinicManagement.Domain/Interfaces/Services/IStaffService.cs(9,10): error CS0246: The type or namespace name 'StaffDto' could not be found (are you missing a using directive or an assembly reference?) [/modernize-data/studio-data/TNT1001/APP1460/transformed-code/493/studio-workspace/upgrade-rah/src/ClinicManagement.Domain/ClinicManagement.Domain.csproj]
/modernize-data/studio-data/TNT1001/APP1460/transformed-code/493/studio-workspace/upgrade-rah/src/ClinicManagement.Domain/Interfaces/Services/IPatientService.cs(10,34): error CS0246: The type or namespace name 'PatientUpdateDto' could not be found (are you missing a using directive or an assembly reference?) [/modernize-data/studio-data/TNT1001/APP1460/transformed-code/493/studio-workspace/upgrade-rah/src/ClinicManagement.Domain/ClinicManagement.Domain.csproj]
/modernize-data/studio-data/TNT1001/APP1460/transformed-code/493/studio-workspace/upgrade-rah/src/ClinicManagement.Domain/Interfaces/Services/IPatientService.cs(10,10): error CS0246: The type or namespace name 'PatientDto' could not be found (are you missing a using directive or an assembly reference?) [/modernize-data/studio-data/TNT1001/APP1460/transformed-code/493/studio-workspace/upgrade-rah/src/ClinicManagement.Domain/ClinicManagement.Domain.csproj]
/modernize-data/studio-data/TNT1001/APP1460/transformed-code/493/studio-workspace/upgrade-rah/src/ClinicManagement.Domain/Interfaces/Services/IStaffService.cs(10,32): error CS0246: The type or namespace name 'StaffUpdateDto' could not be found (are you missing a using directive or an assembly reference?) [/modernize-data/studio-data/TNT1001/APP1460/transformed-code/493/studio-workspace/upgrade-rah/src/ClinicManagement.Domain/ClinicManagement.Domain.csproj]
/modernize-data/studio-data/TNT1001/APP1460/transformed-code/493/studio-workspace/upgrade-rah/src/ClinicManagement.Domain/Interfaces/Services/IStaffService.cs(10,10): error CS0246: The type or namespace name 'StaffDto' could not be found (are you missing a using directive or an assembly reference?) [/modernize-data/studio-data/TNT1001/APP1460/transformed-code/493/studio-workspace/upgrade-rah/src/ClinicManagement.Domain/ClinicManagement.Domain.csproj]
/modernize-data/studio-data/TNT1001/APP1460/transformed-code/493/studio-workspace/upgrade-rah/src/ClinicManagement.Domain/Interfaces/Services/IPatientService.cs(14,22): error CS0246: The type or namespace name 'PatientDto' could not be found (are you missing a using directive or an assembly reference?) [/modernize-data/studio-data/TNT1001/APP1460/transformed-code/493/studio-workspace/upgrade-rah/src/ClinicManagement.Domain/ClinicManagement.Domain.csproj]
/modernize-data/studio-data/TNT1001/APP1460/transformed-code/493/studio-workspace/upgrade-rah/src/ClinicManagement.Domain/Interfaces/Services/IStaffService.cs(14,22): error CS0246: The type or namespace name 'StaffDto' could not be found (are you missing a using directive or an assembly reference?) [/modernize-data/studio-data/TNT1001/APP1460/transformed-code/493/studio-workspace/upgrade-rah/src/ClinicManagement.Domain/ClinicManagement.Domain.csproj]
/modernize-data/studio-data/TNT1001/APP1460/transformed-code/493/studio-workspace/upgrade-rah/src/ClinicManagement.Domain/Interfaces/Services/IPatientService.cs(15,10): error CS0246: The type or namespace name 'PatientDto' could not be found (are you missing a using directive or an assembly reference?) [/modernize-data/studio-data/TNT1001/APP1460/transformed-code/493/studio-workspace/upgrade-rah/src/ClinicManagement.Domain/ClinicManagement.Domain.csproj]
/modernize-data/studio-data/TNT1001/APP1460/transformed-code/493/studio-workspace/upgrade-rah/src/ClinicManagement.Domain/Interfaces/Services/IStaffService.cs(15,22): error CS0246: The type or namespace name 'StaffDto' could not be found (are you missing a using directive or an assembly reference?) [/modernize-data/studio-data/TNT1001/APP1460/transformed-code/493/studio-workspace/upgrade-rah/src/ClinicManagement.Domain/ClinicManagement.Domain.csproj]
/modernize-data/studio-data/TNT1001/APP1460/transformed-code/493/studio-workspace/upgrade-rah/src/ClinicManagement.Domain/Interfaces/Services/IPatientService.cs(16,22): error CS0246: The type or namespace name 'PatientDto' could not be found (are you missing a using directive or an assembly reference?) [/modernize-data/studio-data/TNT1001/APP1460/transformed-code/493/studio-workspace/upgrade-rah/src/ClinicManagement.Domain/ClinicManagement.Domain.csproj]
/modernize-data/studio-data/TNT1001/APP1460/transformed-code/493/studio-workspace/upgrade-rah/src/ClinicManagement.Domain/Interfaces/Services/IStaffService.cs(16,22): error CS0246: The type or namespace name 'StaffDto' could not be found (are you missing a using directive or an assembly reference?) [/modernize-data/studio-data/TNT1001/APP1460/transformed-code/493/studio-workspace/upgrade-rah/src/ClinicManagement.Domain/ClinicManagement.Domain.csproj]
/modernize-data/studio-data/TNT1001/APP1460/transformed-code/493/studio-workspace/upgrade-rah/src/ClinicManagement.Domain/Interfaces/Services/IPatientService.cs(17,22): error CS0246: The type or namespace name 'PatientDto' could not be found (are you missing a using directive or an assembly reference?) [/modernize-data/studio-data/TNT1001/APP1460/transformed-code/493/studio-workspace/upgrade-rah/src/ClinicManagement.Domain/ClinicManagement.Domain.csproj]
/modernize-data/studio-data/TNT1001/APP1460/transformed-code/493/studio-workspace/upgrade-rah/src/ClinicManagement.Domain/Interfaces/Services/IStaffService.cs(17,10): error CS0246: The type or namespace name 'StaffDto' could not be found (are you missing a using directive or an assembly reference?) [/modernize-data/studio-data/TNT1001/APP1460/transformed-code/493/studio-workspace/upgrade-rah/src/ClinicManagement.Domain/ClinicManagement.Domain.csproj]
/modernize-data/studio-data/TNT1001/APP1460/transformed-code/493/studio-workspace/upgrade-rah/src/ClinicManagement.Domain/Interfaces/Services/IStaffService.cs(18,22): error CS0246: The type or namespace name 'StaffDto' could not be found (are you missing a using directive or an assembly reference?) [/modernize-data/studio-data/TNT1001/APP1460/transformed-code/493/studio-workspace/upgrade-rah/src/ClinicManagement.Domain/ClinicManagement.Domain.csproj]
    0 Warning(s)
    69 Error(s)

Time Elapsed 00:00:02.77
